START1 303 2026-08-17T22:06:41Z
OK1 303 2026-08-17T22:07:13Z
START1 304 2026-08-17T22:07:13Z
OK1 304 2026-08-17T22:07:23Z
START1 305 2026-08-17T22:07:23Z
OK1 305 2026-08-17T22:07:55Z
START1 306 2026-08-17T22:07:55Z
OK1 306 2026-08-17T22:08:07Z
START1 307 2026-08-17T22:08:07Z
OK1 307 2026-08-17T22:08:39Z
START1 308 2026-08-17T22:08:39Z
OK1 308 2026-08-17T22:09:05Z
START1 309 2026-08-17T22:09:05Z
OK1 309 2026-08-17T22:09:30Z
START1 310 2026-08-17T22:09:30Z
OK1 310 2026-08-17T22:09:40Z
START1 311 2026-08-17T22:09:40Z
OK1 311 2026-08-17T22:09:51Z
START1 312 2026-08-17T22:09:51Z
OK1 312 2026-08-17T22:10:01Z
START1 313 2026-08-17T22:10:01Z
TIMEOUT1 313 2026-08-17T22:10:56Z
START2 313 2026-08-17T22:10:56Z
TIMEOUT_OR_ERROR2 313 exit=124 2026-08-17T22:11:51Z
START1 314 2026-08-17T22:11:51Z
OK1 314 2026-08-17T22:12:21Z
START1 315 2026-08-17T22:12:21Z
OK1 315 2026-08-17T22:12:31Z
START1 316 2026-08-17T22:12:31Z
OK1 316 2026-08-17T22:13:05Z
START1 317 2026-08-17T22:13:05Z
OK1 317 2026-08-17T22:13:18Z
START1 318 2026-08-17T22:13:18Z
OK1 318 2026-08-17T22:13:52Z
DONE 2026-08-17T22:13:52Z
